../Drivers/CMSIS/Include/core_cm7.h:2147:34:__NVIC_SystemReset	4	static,ignoring_inline_asm
../Core/Src/main.c:92:5:main	24	static
../Core/Src/main.c:186:6:SystemClock_Config	88	static
../Core/Src/main.c:241:13:MX_USART2_UART_Init	8	static
../Core/Src/main.c:276:13:MX_USART3_UART_Init	8	static
../Core/Src/main.c:311:13:MX_GPIO_Init	48	static
../Core/Src/main.c:347:5:write	16	static
../Core/Src/main.c:352:5:write_to_python	16	static
../Core/Src/main.c:357:13:reset_bootloader	8	static
../Core/Src/main.c:363:13:goto_application	16	static
../Core/Src/main.c:370:6:erase_flash	32	static
../Core/Src/main.c:386:6:program_flash	24	static
../Core/Src/main.c:392:9:read_flash	24	static
../Core/Src/main.c:406:6:HAL_UART_RxCpltCallback	16	static
../Core/Src/main.c:429:6:Error_Handler	4	static,ignoring_inline_asm
