../Drivers/CMSIS/Include/core_cm7.h:2147:34:__NVIC_SystemReset	4	static,ignoring_inline_asm
../Core/Src/main.c:83:5:main	32	static
../Core/Src/main.c:202:6:SystemClock_Config	88	static
../Core/Src/main.c:257:13:MX_USART3_UART_Init	8	static
../Core/Src/main.c:292:13:MX_GPIO_Init	40	static
../Core/Src/main.c:327:5:write	16	static
../Core/Src/main.c:333:13:goto_bootloader	8	static
../Core/Src/main.c:342:6:erase_flash	32	static
../Core/Src/main.c:358:6:program_flash	24	static
../Core/Src/main.c:366:6:read_flash	16	static
../Core/Src/main.c:385:6:Error_Handler	4	static,ignoring_inline_asm
